3327  20:07:50.315786 execve("build/src/process_supervisor_demo", ["build/src/process_supervisor_dem"..., "sh", "-c", "printf 'child failed\\n' >&2; exi"...], 0x7fffab59e820 /* 33 vars */) = 0 <0.001325>
3327  20:07:50.317399 brk(NULL)         = 0x5caf4dfb2000 <0.000021>
3327  20:07:50.317585 arch_prctl(0x3001 /* ARCH_??? */, 0x7ffd3d0323a0) = -1 EINVAL (Invalid argument) <0.000020>
3327  20:07:50.318050 mmap(NULL, 8192, PROT_READ|PROT_WRITE, MAP_PRIVATE|MAP_ANONYMOUS, -1, 0) = 0x732562bae000 <0.000028>
3327  20:07:50.318297 access("/etc/ld.so.preload", R_OK) = -1 ENOENT (No such file or directory) <0.000025>
3327  20:07:50.319526 openat(AT_FDCWD, "/etc/ld.so.cache", O_RDONLY|O_CLOEXEC) = 3 <0.000024>
3327  20:07:50.319692 newfstatat(3, "", {st_mode=S_IFREG|0644, st_size=21696, ...}, AT_EMPTY_PATH) = 0 <0.000021>
3327  20:07:50.319867 mmap(NULL, 21696, PROT_READ, MAP_PRIVATE, 3, 0) = 0x732562ba8000 <0.000024>
3327  20:07:50.320038 close(3)          = 0 <0.000021>
3327  20:07:50.320202 openat(AT_FDCWD, "/lib/x86_64-linux-gnu/libstdc++.so.6", O_RDONLY|O_CLOEXEC) = 3 <0.000024>
3327  20:07:50.320356 read(3, "\177ELF\2\1\1\3\0\0\0\0\0\0\0\0\3\0>\0\1\0\0\0\0\0\0\0\0\0\0\0"..., 832) = 832 <0.000022>
3327  20:07:50.320503 newfstatat(3, "", {st_mode=S_IFREG|0644, st_size=2260296, ...}, AT_EMPTY_PATH) = 0 <0.000021>
3327  20:07:50.320654 mmap(NULL, 2275520, PROT_READ, MAP_PRIVATE|MAP_DENYWRITE, 3, 0) = 0x732562800000 <0.000023>
3327  20:07:50.320801 mprotect(0x73256289a000, 1576960, PROT_NONE) = 0 <0.000024>
3327  20:07:50.320947 mmap(0x73256289a000, 1118208, PROT_READ|PROT_EXEC, MAP_PRIVATE|MAP_FIXED|MAP_DENYWRITE, 3, 0x9a000) = 0x73256289a000 <0.000025>
3327  20:07:50.321099 mmap(0x7325629ab000, 454656, PROT_READ, MAP_PRIVATE|MAP_FIXED|MAP_DENYWRITE, 3, 0x1ab000) = 0x7325629ab000 <0.000030>
3327  20:07:50.321265 mmap(0x732562a1b000, 57344, PROT_READ|PROT_WRITE, MAP_PRIVATE|MAP_FIXED|MAP_DENYWRITE, 3, 0x21a000) = 0x732562a1b000 <0.000026>
3327  20:07:50.321428 mmap(0x732562a29000, 10432, PROT_READ|PROT_WRITE, MAP_PRIVATE|MAP_FIXED|MAP_ANONYMOUS, -1, 0) = 0x732562a29000 <0.000025>
3327  20:07:50.321603 close(3)          = 0 <0.000021>
3327  20:07:50.321784 openat(AT_FDCWD, "/lib/x86_64-linux-gnu/libgcc_s.so.1", O_RDONLY|O_CLOEXEC) = 3 <0.000029>
3327  20:07:50.321969 read(3, "\177ELF\2\1\1\0\0\0\0\0\0\0\0\0\3\0>\0\1\0\0\0\0\0\0\0\0\0\0\0"..., 832) = 832 <0.000022>
3327  20:07:50.322122 newfstatat(3, "", {st_mode=S_IFREG|0644, st_size=125488, ...}, AT_EMPTY_PATH) = 0 <0.000021>
3327  20:07:50.322272 mmap(NULL, 127720, PROT_READ, MAP_PRIVATE|MAP_DENYWRITE, 3, 0) = 0x732562b88000 <0.000025>
3327  20:07:50.322422 mmap(0x732562b8b000, 94208, PROT_READ|PROT_EXEC, MAP_PRIVATE|MAP_FIXED|MAP_DENYWRITE, 3, 0x3000) = 0x732562b8b000 <0.000028>
3327  20:07:50.322595 mmap(0x732562ba2000, 16384, PROT_READ, MAP_PRIVATE|MAP_FIXED|MAP_DENYWRITE, 3, 0x1a000) = 0x732562ba2000 <0.000028>
3327  20:07:50.322782 mmap(0x732562ba6000, 8192, PROT_READ|PROT_WRITE, MAP_PRIVATE|MAP_FIXED|MAP_DENYWRITE, 3, 0x1d000) = 0x732562ba6000 <0.000028>
3327  20:07:50.322956 close(3)          = 0 <0.000022>
3327  20:07:50.323175 openat(AT_FDCWD, "/lib/x86_64-linux-gnu/libc.so.6", O_RDONLY|O_CLOEXEC) = 3 <0.000025>
3327  20:07:50.323342 read(3, "\177ELF\2\1\1\3\0\0\0\0\0\0\0\0\3\0>\0\1\0\0\0P\237\2\0\0\0\0\0"..., 832) = 832 <0.000022>
3327  20:07:50.323505 pread64(3, "\6\0\0\0\4\0\0\0@\0\0\0\0\0\0\0@\0\0\0\0\0\0\0@\0\0\0\0\0\0\0"..., 784, 64) = 784 <0.000022>
3327  20:07:50.323656 pread64(3, "\4\0\0\0 \0\0\0\5\0\0\0GNU\0\2\0\0\300\4\0\0\0\3\0\0\0\0\0\0\0"..., 48, 848) = 48 <0.000031>
3327  20:07:50.323896 pread64(3, "\4\0\0\0\24\0\0\0\3\0\0\0GNU\0jl\265\250\17\325\345\273[\363\256\252\21\32\335\230"..., 68, 896) = 68 <0.000026>
3327  20:07:50.324094 newfstatat(3, "", {st_mode=S_IFREG|0755, st_size=2220400, ...}, AT_EMPTY_PATH) = 0 <0.000024>
3327  20:07:50.324379 pread64(3, "\6\0\0\0\4\0\0\0@\0\0\0\0\0\0\0@\0\0\0\0\0\0\0@\0\0\0\0\0\0\0"..., 784, 64) = 784 <0.000022>
3327  20:07:50.324548 mmap(NULL, 2264656, PROT_READ, MAP_PRIVATE|MAP_DENYWRITE, 3, 0) = 0x732562400000 <0.000025>
3327  20:07:50.324720 mprotect(0x732562428000, 2023424, PROT_NONE) = 0 <0.000026>
3327  20:07:50.324876 mmap(0x732562428000, 1658880, PROT_READ|PROT_EXEC, MAP_PRIVATE|MAP_FIXED|MAP_DENYWRITE, 3, 0x28000) = 0x732562428000 <0.000029>
3327  20:07:50.325068 mmap(0x7325625bd000, 360448, PROT_READ, MAP_PRIVATE|MAP_FIXED|MAP_DENYWRITE, 3, 0x1bd000) = 0x7325625bd000 <0.000027>
3327  20:07:50.325244 mmap(0x732562616000, 24576, PROT_READ|PROT_WRITE, MAP_PRIVATE|MAP_FIXED|MAP_DENYWRITE, 3, 0x215000) = 0x732562616000 <0.000031>
3327  20:07:50.325410 mmap(0x73256261c000, 52816, PROT_READ|PROT_WRITE, MAP_PRIVATE|MAP_FIXED|MAP_ANONYMOUS, -1, 0) = 0x73256261c000 <0.000023>
3327  20:07:50.325558 close(3)          = 0 <0.000021>
3327  20:07:50.325716 openat(AT_FDCWD, "/lib/x86_64-linux-gnu/libm.so.6", O_RDONLY|O_CLOEXEC) = 3 <0.000027>
3327  20:07:50.325920 read(3, "\177ELF\2\1\1\3\0\0\0\0\0\0\0\0\3\0>\0\1\0\0\0\0\0\0\0\0\0\0\0"..., 832) = 832 <0.000023>
3327  20:07:50.326077 newfstatat(3, "", {st_mode=S_IFREG|0644, st_size=940560, ...}, AT_EMPTY_PATH) = 0 <0.000022>
3327  20:07:50.326238 mmap(NULL, 942344, PROT_READ, MAP_PRIVATE|MAP_DENYWRITE, 3, 0) = 0x732562aa1000 <0.000026>
3327  20:07:50.326395 mmap(0x732562aaf000, 507904, PROT_READ|PROT_EXEC, MAP_PRIVATE|MAP_FIXED|MAP_DENYWRITE, 3, 0xe000) = 0x732562aaf000 <0.000025>
3327  20:07:50.326553 mmap(0x732562b2b000, 372736, PROT_READ, MAP_PRIVATE|MAP_FIXED|MAP_DENYWRITE, 3, 0x8a000) = 0x732562b2b000 <0.000028>
3327  20:07:50.326719 mmap(0x732562b86000, 8192, PROT_READ|PROT_WRITE, MAP_PRIVATE|MAP_FIXED|MAP_DENYWRITE, 3, 0xe4000) = 0x732562b86000 <0.000027>
3327  20:07:50.326888 close(3)          = 0 <0.000022>
3327  20:07:50.327058 mmap(NULL, 8192, PROT_READ|PROT_WRITE, MAP_PRIVATE|MAP_ANONYMOUS, -1, 0) = 0x732562a9f000 <0.000023>
3327  20:07:50.327210 arch_prctl(ARCH_SET_FS, 0x732562aa03c0) = 0 <0.000025>
3327  20:07:50.327581 set_tid_address(0x732562aa0690) = 3327 <0.000048>
3327  20:07:50.327896 set_robust_list(0x732562aa06a0, 24) = 0 <0.000043>
3327  20:07:50.328516 rseq(0x732562aa0d60, 0x20, 0, 0x53053053) = 0 <0.000034>
3327  20:07:50.328963 mprotect(0x732562616000, 16384, PROT_READ) = 0 <0.000056>
3327  20:07:50.329259 mprotect(0x732562b86000, 4096, PROT_READ) = 0 <0.000034>
3327  20:07:50.329674 mprotect(0x732562ba6000, 4096, PROT_READ) = 0 <0.000044>
3327  20:07:50.330246 mmap(NULL, 8192, PROT_READ|PROT_WRITE, MAP_PRIVATE|MAP_ANONYMOUS, -1, 0) = 0x732562a9d000 <0.000040>
3327  20:07:50.330718 mprotect(0x732562a1b000, 45056, PROT_READ) = 0 <0.000038>
3327  20:07:50.330952 mprotect(0x5caf15df7000, 4096, PROT_READ) = 0 <0.000032>
3327  20:07:50.331191 mprotect(0x732562be8000, 8192, PROT_READ) = 0 <0.000039>
3327  20:07:50.331409 prlimit64(0, RLIMIT_STACK, NULL, {rlim_cur=8192*1024, rlim_max=RLIM64_INFINITY}) = 0 <0.000024>
3327  20:07:50.331598 munmap(0x732562ba8000, 21696) = 0 <0.000057>
3327  20:07:50.331857 getrandom("\x31\x8c\x54\x98\x5f\xf7\x48\x35", 8, GRND_NONBLOCK) = 8 <0.000025>
3327  20:07:50.332034 brk(NULL)         = 0x5caf4dfb2000 <0.000021>
3327  20:07:50.332193 brk(0x5caf4dfd3000) = 0x5caf4dfd3000 <0.000027>
3327  20:07:50.332403 futex(0x732562a2977c, FUTEX_WAKE_PRIVATE, 2147483647) = 0 <0.000024>
3327  20:07:50.332606 pipe2([3, 4], 0)  = 0 <0.000030>
3327  20:07:50.332787 clone(child_stack=NULL, flags=CLONE_CHILD_CLEARTID|CLONE_CHILD_SETTID|SIGCHLD, child_tidptr=0x732562aa0690) = 3328 <0.000140>
3328  20:07:50.333058 set_robust_list(0x732562aa06a0, 24 <unfinished ...>
3327  20:07:50.333118 close(4 <unfinished ...>
3328  20:07:50.333190 <... set_robust_list resumed>) = 0 <0.000079>
3327  20:07:50.333267 <... close resumed>) = 0 <0.000084>
3328  20:07:50.333335 close(3 <unfinished ...>
3327  20:07:50.333403 read(3,  <unfinished ...>
3328  20:07:50.333461 <... close resumed>) = 0 <0.000065>
3328  20:07:50.333541 dup2(4, 1)        = 1 <0.000023>
3328  20:07:50.333704 dup2(4, 2)        = 2 <0.000027>
3328  20:07:50.333949 close(4)          = 0 <0.000022>
3328  20:07:50.334138 execve("/usr/local/sbin/sh", ["sh", "-c", "printf 'child failed\\n' >&2; exi"...], 0x7ffd3d032590 /* 33 vars */) = -1 ENOENT (No such file or directory) <0.000044>
3328  20:07:50.334360 execve("/usr/local/bin/sh", ["sh", "-c", "printf 'child failed\\n' >&2; exi"...], 0x7ffd3d032590 /* 33 vars */) = -1 ENOENT (No such file or directory) <0.000031>
3328  20:07:50.334528 execve("/usr/sbin/sh", ["sh", "-c", "printf 'child failed\\n' >&2; exi"...], 0x7ffd3d032590 /* 33 vars */) = -1 ENOENT (No such file or directory) <0.000030>
3328  20:07:50.334763 execve("/usr/bin/sh", ["sh", "-c", "printf 'child failed\\n' >&2; exi"...], 0x7ffd3d032590 /* 33 vars */) = 0 <0.000137>
3328  20:07:50.335068 brk(NULL)         = 0x5b2a5d9b4000 <0.000022>
3328  20:07:50.335266 arch_prctl(0x3001 /* ARCH_??? */, 0x7fffb5ba34c0) = -1 EINVAL (Invalid argument) <0.000023>
3328  20:07:50.335457 mmap(NULL, 8192, PROT_READ|PROT_WRITE, MAP_PRIVATE|MAP_ANONYMOUS, -1, 0) = 0x7c5061b7e000 <0.000026>
3328  20:07:50.335645 access("/etc/ld.so.preload", R_OK) = -1 ENOENT (No such file or directory) <0.000023>
3328  20:07:50.335810 openat(AT_FDCWD, "/etc/ld.so.cache", O_RDONLY|O_CLOEXEC) = 3 <0.000023>
3328  20:07:50.335982 newfstatat(3, "", {st_mode=S_IFREG|0644, st_size=21696, ...}, AT_EMPTY_PATH) = 0 <0.000022>
3328  20:07:50.336143 mmap(NULL, 21696, PROT_READ, MAP_PRIVATE, 3, 0) = 0x7c5061b78000 <0.000027>
3328  20:07:50.336384 close(3)          = 0 <0.000023>
3328  20:07:50.336539 openat(AT_FDCWD, "/lib/x86_64-linux-gnu/libc.so.6", O_RDONLY|O_CLOEXEC) = 3 <0.000024>
3328  20:07:50.336701 read(3, "\177ELF\2\1\1\3\0\0\0\0\0\0\0\0\3\0>\0\1\0\0\0P\237\2\0\0\0\0\0"..., 832) = 832 <0.000022>
3328  20:07:50.336858 pread64(3, "\6\0\0\0\4\0\0\0@\0\0\0\0\0\0\0@\0\0\0\0\0\0\0@\0\0\0\0\0\0\0"..., 784, 64) = 784 <0.000021>
3328  20:07:50.337021 pread64(3, "\4\0\0\0 \0\0\0\5\0\0\0GNU\0\2\0\0\300\4\0\0\0\3\0\0\0\0\0\0\0"..., 48, 848) = 48 <0.000021>
3328  20:07:50.337183 pread64(3, "\4\0\0\0\24\0\0\0\3\0\0\0GNU\0jl\265\250\17\325\345\273[\363\256\252\21\32\335\230"..., 68, 896) = 68 <0.000029>
3328  20:07:50.337407 newfstatat(3, "", {st_mode=S_IFREG|0755, st_size=2220400, ...}, AT_EMPTY_PATH) = 0 <0.000024>
3328  20:07:50.337579 pread64(3, "\6\0\0\0\4\0\0\0@\0\0\0\0\0\0\0@\0\0\0\0\0\0\0@\0\0\0\0\0\0\0"..., 784, 64) = 784 <0.000021>
3328  20:07:50.337729 mmap(NULL, 2264656, PROT_READ, MAP_PRIVATE|MAP_DENYWRITE, 3, 0) = 0x7c5061800000 <0.000028>
3328  20:07:50.337960 mprotect(0x7c5061828000, 2023424, PROT_NONE) = 0 <0.000025>
3328  20:07:50.338123 mmap(0x7c5061828000, 1658880, PROT_READ|PROT_EXEC, MAP_PRIVATE|MAP_FIXED|MAP_DENYWRITE, 3, 0x28000) = 0x7c5061828000 <0.000035>
3328  20:07:50.338297 mmap(0x7c50619bd000, 360448, PROT_READ, MAP_PRIVATE|MAP_FIXED|MAP_DENYWRITE, 3, 0x1bd000) = 0x7c50619bd000 <0.000028>
3328  20:07:50.338459 mmap(0x7c5061a16000, 24576, PROT_READ|PROT_WRITE, MAP_PRIVATE|MAP_FIXED|MAP_DENYWRITE, 3, 0x215000) = 0x7c5061a16000 <0.000031>
3328  20:07:50.338633 mmap(0x7c5061a1c000, 52816, PROT_READ|PROT_WRITE, MAP_PRIVATE|MAP_FIXED|MAP_ANONYMOUS, -1, 0) = 0x7c5061a1c000 <0.000025>
3328  20:07:50.338811 close(3)          = 0 <0.000022>
3328  20:07:50.338974 mmap(NULL, 12288, PROT_READ|PROT_WRITE, MAP_PRIVATE|MAP_ANONYMOUS, -1, 0) = 0x7c5061b75000 <0.000025>
3328  20:07:50.339137 arch_prctl(ARCH_SET_FS, 0x7c5061b75740) = 0 <0.000023>
3328  20:07:50.339301 set_tid_address(0x7c5061b75a10) = 3328 <0.000023>
3328  20:07:50.339470 set_robust_list(0x7c5061b75a20, 24) = 0 <0.000031>
3328  20:07:50.339647 rseq(0x7c5061b760e0, 0x20, 0, 0x53053053) = 0 <0.000022>
3328  20:07:50.339858 mprotect(0x7c5061a16000, 16384, PROT_READ) = 0 <0.000025>
3328  20:07:50.340031 mprotect(0x5b2a1ff0f000, 8192, PROT_READ) = 0 <0.000027>
3328  20:07:50.340199 mprotect(0x7c5061bb8000, 8192, PROT_READ) = 0 <0.000028>
3328  20:07:50.340383 prlimit64(0, RLIMIT_STACK, NULL, {rlim_cur=8192*1024, rlim_max=RLIM64_INFINITY}) = 0 <0.000021>
3328  20:07:50.340553 munmap(0x7c5061b78000, 21696) = 0 <0.000026>
3328  20:07:50.340722 getuid()          = 1000 <0.000025>
3328  20:07:50.340916 getgid()          = 1000 <0.000023>
3328  20:07:50.341081 getpid()          = 3328 <0.000022>
3328  20:07:50.341239 rt_sigaction(SIGCHLD, {sa_handler=0x5b2a1ff05aa0, sa_mask=~[RTMIN RT_1], sa_flags=SA_RESTORER, sa_restorer=0x7c5061842520}, NULL, 8) = 0 <0.000022>
3328  20:07:50.341413 geteuid()         = 1000 <0.000022>
3328  20:07:50.341567 getrandom("\xdb\xa7\x9f\xfe\xe0\x6a\x02\x18", 8, GRND_NONBLOCK) = 8 <0.000022>
3328  20:07:50.341721 brk(NULL)         = 0x5b2a5d9b4000 <0.000026>
3328  20:07:50.341966 brk(0x5b2a5d9d5000) = 0x5b2a5d9d5000 <0.000025>
3328  20:07:50.342158 getppid()         = 3327 <0.000021>
3328  20:07:50.342334 newfstatat(AT_FDCWD, "/mnt/c/_Projects/CareerPlan/CppFirst", {st_mode=S_IFDIR|0777, st_size=4096, ...}, 0) = 0 <0.000101>
3328  20:07:50.342579 newfstatat(AT_FDCWD, ".", {st_mode=S_IFDIR|0777, st_size=4096, ...}, 0) = 0 <0.000106>
3328  20:07:50.342963 geteuid()         = 1000 <0.000029>
3328  20:07:50.343177 getegid()         = 1000 <0.000029>
3328  20:07:50.343371 rt_sigaction(SIGINT, NULL, {sa_handler=SIG_DFL, sa_mask=[], sa_flags=0}, 8) = 0 <0.000023>
3328  20:07:50.343568 rt_sigaction(SIGINT, {sa_handler=0x5b2a1ff05aa0, sa_mask=~[RTMIN RT_1], sa_flags=SA_RESTORER, sa_restorer=0x7c5061842520}, NULL, 8) = 0 <0.000021>
3328  20:07:50.343741 rt_sigaction(SIGQUIT, NULL, {sa_handler=SIG_DFL, sa_mask=[], sa_flags=0}, 8) = 0 <0.000027>
3328  20:07:50.343922 rt_sigaction(SIGQUIT, {sa_handler=SIG_DFL, sa_mask=~[RTMIN RT_1], sa_flags=SA_RESTORER, sa_restorer=0x7c5061842520}, NULL, 8) = 0 <0.000022>
3328  20:07:50.344103 rt_sigaction(SIGTERM, NULL, {sa_handler=SIG_DFL, sa_mask=[], sa_flags=0}, 8) = 0 <0.000046>
3328  20:07:50.344370 rt_sigaction(SIGTERM, {sa_handler=SIG_DFL, sa_mask=~[RTMIN RT_1], sa_flags=SA_RESTORER, sa_restorer=0x7c5061842520}, NULL, 8) = 0 <0.000024>
3328  20:07:50.344639 fcntl(1, F_DUPFD, 10) = 10 <0.000026>
3328  20:07:50.344814 close(1)          = 0 <0.000021>
3328  20:07:50.344978 fcntl(10, F_SETFD, FD_CLOEXEC) = 0 <0.000023>
3328  20:07:50.345134 dup2(2, 1)        = 1 <0.000017>
3328  20:07:50.345379 write(1, "child failed\n", 13 <unfinished ...>
3327  20:07:50.345483 <... read resumed>"child failed\n", 4096) = 13 <0.012028>
3328  20:07:50.345552 <... write resumed>) = 13 <0.000104>
3327  20:07:50.345620 read(3,  <unfinished ...>
3328  20:07:50.345685 dup2(10, 1)       = 1 <0.000026>
3328  20:07:50.345927 close(10)         = 0 <0.000023>
3328  20:07:50.346122 exit_group(42)    = ?
3327  20:07:50.346351 <... read resumed>"", 4096) = 0 <0.000673>
3328  20:07:50.346421 +++ exited with 42 +++
3327  20:07:50.346481 --- SIGCHLD {si_signo=SIGCHLD, si_code=CLD_EXITED, si_pid=3328, si_uid=1000, si_status=42, si_utime=0, si_stime=0} ---
3327  20:07:50.346562 close(3)          = 0 <0.000031>
3327  20:07:50.346739 wait4(3328, [{WIFEXITED(s) && WEXITSTATUS(s) == 42}], 0, NULL) = 3328 <0.000031>
3327  20:07:50.346952 newfstatat(1, "", {st_mode=S_IFREG|0777, st_size=0, ...}, AT_EMPTY_PATH) = 0 <0.000090>
3327  20:07:50.347212 write(1, "--- captured output ---\nchild fa"..., 81) = 81 <0.000132>
3327  20:07:50.347582 exit_group(42)    = ?
3327  20:07:50.348269 +++ exited with 42 +++
