3337  20:07:50.411055 execve("build/src/process_supervisor_demo", ["build/src/process_supervisor_dem"..., "sh", "-c", "kill -TERM $$"], 0x7ffcdbb0b750 /* 33 vars */) = 0 <0.001066>
3337  20:07:50.412374 brk(NULL)         = 0x5ad63e677000 <0.000023>
3337  20:07:50.412596 arch_prctl(0x3001 /* ARCH_??? */, 0x7fffe4d05a40) = -1 EINVAL (Invalid argument) <0.000023>
3337  20:07:50.412913 mmap(NULL, 8192, PROT_READ|PROT_WRITE, MAP_PRIVATE|MAP_ANONYMOUS, -1, 0) = 0x70d554e7c000 <0.000024>
3337  20:07:50.413092 access("/etc/ld.so.preload", R_OK) = -1 ENOENT (No such file or directory) <0.000024>
3337  20:07:50.413279 openat(AT_FDCWD, "/etc/ld.so.cache", O_RDONLY|O_CLOEXEC) = 3 <0.000024>
3337  20:07:50.413533 newfstatat(3, "", {st_mode=S_IFREG|0644, st_size=21696, ...}, AT_EMPTY_PATH) = 0 <0.000025>
3337  20:07:50.413729 mmap(NULL, 21696, PROT_READ, MAP_PRIVATE, 3, 0) = 0x70d554e76000 <0.000027>
3337  20:07:50.413998 close(3)          = 0 <0.000024>
3337  20:07:50.414170 openat(AT_FDCWD, "/lib/x86_64-linux-gnu/libstdc++.so.6", O_RDONLY|O_CLOEXEC) = 3 <0.000023>
3337  20:07:50.414332 read(3, "\177ELF\2\1\1\3\0\0\0\0\0\0\0\0\3\0>\0\1\0\0\0\0\0\0\0\0\0\0\0"..., 832) = 832 <0.000024>
3337  20:07:50.414483 newfstatat(3, "", {st_mode=S_IFREG|0644, st_size=2260296, ...}, AT_EMPTY_PATH) = 0 <0.000022>
3337  20:07:50.414642 mmap(NULL, 2275520, PROT_READ, MAP_PRIVATE|MAP_DENYWRITE, 3, 0) = 0x70d554c00000 <0.000023>
3337  20:07:50.414794 mprotect(0x70d554c9a000, 1576960, PROT_NONE) = 0 <0.000027>
3337  20:07:50.414955 mmap(0x70d554c9a000, 1118208, PROT_READ|PROT_EXEC, MAP_PRIVATE|MAP_FIXED|MAP_DENYWRITE, 3, 0x9a000) = 0x70d554c9a000 <0.000027>
3337  20:07:50.415114 mmap(0x70d554dab000, 454656, PROT_READ, MAP_PRIVATE|MAP_FIXED|MAP_DENYWRITE, 3, 0x1ab000) = 0x70d554dab000 <0.000026>
3337  20:07:50.415340 mmap(0x70d554e1b000, 57344, PROT_READ|PROT_WRITE, MAP_PRIVATE|MAP_FIXED|MAP_DENYWRITE, 3, 0x21a000) = 0x70d554e1b000 <0.000023>
3337  20:07:50.415521 mmap(0x70d554e29000, 10432, PROT_READ|PROT_WRITE, MAP_PRIVATE|MAP_FIXED|MAP_ANONYMOUS, -1, 0) = 0x70d554e29000 <0.000024>
3337  20:07:50.415711 close(3)          = 0 <0.000023>
3337  20:07:50.415896 openat(AT_FDCWD, "/lib/x86_64-linux-gnu/libgcc_s.so.1", O_RDONLY|O_CLOEXEC) = 3 <0.000025>
3337  20:07:50.416079 read(3, "\177ELF\2\1\1\0\0\0\0\0\0\0\0\0\3\0>\0\1\0\0\0\0\0\0\0\0\0\0\0"..., 832) = 832 <0.000022>
3337  20:07:50.416259 newfstatat(3, "", {st_mode=S_IFREG|0644, st_size=125488, ...}, AT_EMPTY_PATH) = 0 <0.000022>
3337  20:07:50.416446 mmap(NULL, 127720, PROT_READ, MAP_PRIVATE|MAP_DENYWRITE, 3, 0) = 0x70d554e56000 <0.000024>
3337  20:07:50.416629 mmap(0x70d554e59000, 94208, PROT_READ|PROT_EXEC, MAP_PRIVATE|MAP_FIXED|MAP_DENYWRITE, 3, 0x3000) = 0x70d554e59000 <0.000023>
3337  20:07:50.416812 mmap(0x70d554e70000, 16384, PROT_READ, MAP_PRIVATE|MAP_FIXED|MAP_DENYWRITE, 3, 0x1a000) = 0x70d554e70000 <0.000041>
3337  20:07:50.417064 mmap(0x70d554e74000, 8192, PROT_READ|PROT_WRITE, MAP_PRIVATE|MAP_FIXED|MAP_DENYWRITE, 3, 0x1d000) = 0x70d554e74000 <0.000063>
3337  20:07:50.417318 close(3)          = 0 <0.000022>
3337  20:07:50.417504 openat(AT_FDCWD, "/lib/x86_64-linux-gnu/libc.so.6", O_RDONLY|O_CLOEXEC) = 3 <0.000028>
3337  20:07:50.417717 read(3, "\177ELF\2\1\1\3\0\0\0\0\0\0\0\0\3\0>\0\1\0\0\0P\237\2\0\0\0\0\0"..., 832) = 832 <0.000023>
3337  20:07:50.418010 pread64(3, "\6\0\0\0\4\0\0\0@\0\0\0\0\0\0\0@\0\0\0\0\0\0\0@\0\0\0\0\0\0\0"..., 784, 64) = 784 <0.000028>
3337  20:07:50.418214 pread64(3, "\4\0\0\0 \0\0\0\5\0\0\0GNU\0\2\0\0\300\4\0\0\0\3\0\0\0\0\0\0\0"..., 48, 848) = 48 <0.000024>
3337  20:07:50.418392 pread64(3, "\4\0\0\0\24\0\0\0\3\0\0\0GNU\0jl\265\250\17\325\345\273[\363\256\252\21\32\335\230"..., 68, 896) = 68 <0.000024>
3337  20:07:50.418582 newfstatat(3, "", {st_mode=S_IFREG|0755, st_size=2220400, ...}, AT_EMPTY_PATH) = 0 <0.000022>
3337  20:07:50.418803 pread64(3, "\6\0\0\0\4\0\0\0@\0\0\0\0\0\0\0@\0\0\0\0\0\0\0@\0\0\0\0\0\0\0"..., 784, 64) = 784 <0.000025>
3337  20:07:50.419018 mmap(NULL, 2264656, PROT_READ, MAP_PRIVATE|MAP_DENYWRITE, 3, 0) = 0x70d554800000 <0.000029>
3337  20:07:50.419223 mprotect(0x70d554828000, 2023424, PROT_NONE) = 0 <0.000029>
3337  20:07:50.419480 mmap(0x70d554828000, 1658880, PROT_READ|PROT_EXEC, MAP_PRIVATE|MAP_FIXED|MAP_DENYWRITE, 3, 0x28000) = 0x70d554828000 <0.000038>
3337  20:07:50.419804 mmap(0x70d5549bd000, 360448, PROT_READ, MAP_PRIVATE|MAP_FIXED|MAP_DENYWRITE, 3, 0x1bd000) = 0x70d5549bd000 <0.000028>
3337  20:07:50.420060 mmap(0x70d554a16000, 24576, PROT_READ|PROT_WRITE, MAP_PRIVATE|MAP_FIXED|MAP_DENYWRITE, 3, 0x215000) = 0x70d554a16000 <0.000023>
3337  20:07:50.420330 mmap(0x70d554a1c000, 52816, PROT_READ|PROT_WRITE, MAP_PRIVATE|MAP_FIXED|MAP_ANONYMOUS, -1, 0) = 0x70d554a1c000 <0.000031>
3337  20:07:50.420575 close(3)          = 0 <0.000029>
3337  20:07:50.420813 openat(AT_FDCWD, "/lib/x86_64-linux-gnu/libm.so.6", O_RDONLY|O_CLOEXEC) = 3 <0.000029>
3337  20:07:50.421027 read(3, "\177ELF\2\1\1\3\0\0\0\0\0\0\0\0\3\0>\0\1\0\0\0\0\0\0\0\0\0\0\0"..., 832) = 832 <0.000024>
3337  20:07:50.421223 newfstatat(3, "", {st_mode=S_IFREG|0644, st_size=940560, ...}, AT_EMPTY_PATH) = 0 <0.000022>
3337  20:07:50.421407 mmap(NULL, 942344, PROT_READ, MAP_PRIVATE|MAP_DENYWRITE, 3, 0) = 0x70d554b19000 <0.000047>
3337  20:07:50.421709 mmap(0x70d554b27000, 507904, PROT_READ|PROT_EXEC, MAP_PRIVATE|MAP_FIXED|MAP_DENYWRITE, 3, 0xe000) = 0x70d554b27000 <0.000035>
3337  20:07:50.422054 mmap(0x70d554ba3000, 372736, PROT_READ, MAP_PRIVATE|MAP_FIXED|MAP_DENYWRITE, 3, 0x8a000) = 0x70d554ba3000 <0.000032>
3337  20:07:50.422275 mmap(0x70d554bfe000, 8192, PROT_READ|PROT_WRITE, MAP_PRIVATE|MAP_FIXED|MAP_DENYWRITE, 3, 0xe4000) = 0x70d554bfe000 <0.000024>
3337  20:07:50.422476 close(3)          = 0 <0.000023>
3337  20:07:50.422672 mmap(NULL, 8192, PROT_READ|PROT_WRITE, MAP_PRIVATE|MAP_ANONYMOUS, -1, 0) = 0x70d554e54000 <0.000028>
3337  20:07:50.422870 arch_prctl(ARCH_SET_FS, 0x70d554e553c0) = 0 <0.000021>
3337  20:07:50.423057 set_tid_address(0x70d554e55690) = 3337 <0.000021>
3337  20:07:50.423237 set_robust_list(0x70d554e556a0, 24) = 0 <0.000021>
3337  20:07:50.423418 rseq(0x70d554e55d60, 0x20, 0, 0x53053053) = 0 <0.000023>
3337  20:07:50.423640 mprotect(0x70d554a16000, 16384, PROT_READ) = 0 <0.000025>
3337  20:07:50.423838 mprotect(0x70d554bfe000, 4096, PROT_READ) = 0 <0.000024>
3337  20:07:50.424038 mprotect(0x70d554e74000, 4096, PROT_READ) = 0 <0.000026>
3337  20:07:50.424283 mmap(NULL, 8192, PROT_READ|PROT_WRITE, MAP_PRIVATE|MAP_ANONYMOUS, -1, 0) = 0x70d554e52000 <0.000023>
3337  20:07:50.424603 mprotect(0x70d554e1b000, 45056, PROT_READ) = 0 <0.000025>
3337  20:07:50.424801 mprotect(0x5ad5ffa58000, 4096, PROT_READ) = 0 <0.000026>
3337  20:07:50.424990 mprotect(0x70d554eb6000, 8192, PROT_READ) = 0 <0.000023>
3337  20:07:50.425184 prlimit64(0, RLIMIT_STACK, NULL, {rlim_cur=8192*1024, rlim_max=RLIM64_INFINITY}) = 0 <0.000022>
3337  20:07:50.425374 munmap(0x70d554e76000, 21696) = 0 <0.000027>
3337  20:07:50.425602 getrandom("\xcf\xca\xf3\xdb\x4c\x1c\xf0\xdb", 8, GRND_NONBLOCK) = 8 <0.000025>
3337  20:07:50.425879 brk(NULL)         = 0x5ad63e677000 <0.000022>
3337  20:07:50.426097 brk(0x5ad63e698000) = 0x5ad63e698000 <0.000023>
3337  20:07:50.426322 futex(0x70d554e2977c, FUTEX_WAKE_PRIVATE, 2147483647) = 0 <0.000022>
3337  20:07:50.426562 pipe2([3, 4], 0)  = 0 <0.000026>
3337  20:07:50.426773 clone(child_stack=NULL, flags=CLONE_CHILD_CLEARTID|CLONE_CHILD_SETTID|SIGCHLD, child_tidptr=0x70d554e55690) = 3338 <0.000108>
3338  20:07:50.427047 set_robust_list(0x70d554e556a0, 24 <unfinished ...>
3337  20:07:50.427143 close(4 <unfinished ...>
3338  20:07:50.427242 <... set_robust_list resumed>) = 0 <0.000108>
3337  20:07:50.427338 <... close resumed>) = 0 <0.000104>
3338  20:07:50.427427 close(3 <unfinished ...>
3337  20:07:50.427504 read(3,  <unfinished ...>
3338  20:07:50.427583 <... close resumed>) = 0 <0.000087>
3338  20:07:50.427678 dup2(4, 1)        = 1 <0.000022>
3338  20:07:50.427866 dup2(4, 2)        = 2 <0.000025>
3338  20:07:50.428074 close(4)          = 0 <0.000028>
3338  20:07:50.428432 execve("/usr/local/sbin/sh", ["sh", "-c", "kill -TERM $$"], 0x7fffe4d05c30 /* 33 vars */) = -1 ENOENT (No such file or directory) <0.000047>
3338  20:07:50.428709 execve("/usr/local/bin/sh", ["sh", "-c", "kill -TERM $$"], 0x7fffe4d05c30 /* 33 vars */) = -1 ENOENT (No such file or directory) <0.000032>
3338  20:07:50.428908 execve("/usr/sbin/sh", ["sh", "-c", "kill -TERM $$"], 0x7fffe4d05c30 /* 33 vars */) = -1 ENOENT (No such file or directory) <0.000030>
3338  20:07:50.429094 execve("/usr/bin/sh", ["sh", "-c", "kill -TERM $$"], 0x7fffe4d05c30 /* 33 vars */) = 0 <0.000132>
3338  20:07:50.429406 brk(NULL)         = 0x564bcafa2000 <0.000021>
3338  20:07:50.429629 arch_prctl(0x3001 /* ARCH_??? */, 0x7ffc437b52c0) = -1 EINVAL (Invalid argument) <0.000025>
3338  20:07:50.429901 mmap(NULL, 8192, PROT_READ|PROT_WRITE, MAP_PRIVATE|MAP_ANONYMOUS, -1, 0) = 0x7fa179073000 <0.000024>
3338  20:07:50.430093 access("/etc/ld.so.preload", R_OK) = -1 ENOENT (No such file or directory) <0.000022>
3338  20:07:50.430279 openat(AT_FDCWD, "/etc/ld.so.cache", O_RDONLY|O_CLOEXEC) = 3 <0.000028>
3338  20:07:50.430470 newfstatat(3, "", {st_mode=S_IFREG|0644, st_size=21696, ...}, AT_EMPTY_PATH) = 0 <0.000023>
3338  20:07:50.430656 mmap(NULL, 21696, PROT_READ, MAP_PRIVATE, 3, 0) = 0x7fa17906d000 <0.000025>
3338  20:07:50.430840 close(3)          = 0 <0.000022>
3338  20:07:50.431030 openat(AT_FDCWD, "/lib/x86_64-linux-gnu/libc.so.6", O_RDONLY|O_CLOEXEC) = 3 <0.000027>
3338  20:07:50.431280 read(3, "\177ELF\2\1\1\3\0\0\0\0\0\0\0\0\3\0>\0\1\0\0\0P\237\2\0\0\0\0\0"..., 832) = 832 <0.000023>
3338  20:07:50.431694 pread64(3, "\6\0\0\0\4\0\0\0@\0\0\0\0\0\0\0@\0\0\0\0\0\0\0@\0\0\0\0\0\0\0"..., 784, 64) = 784 <0.000026>
3338  20:07:50.431902 pread64(3, "\4\0\0\0 \0\0\0\5\0\0\0GNU\0\2\0\0\300\4\0\0\0\3\0\0\0\0\0\0\0"..., 48, 848) = 48 <0.000022>
3338  20:07:50.432091 pread64(3, "\4\0\0\0\24\0\0\0\3\0\0\0GNU\0jl\265\250\17\325\345\273[\363\256\252\21\32\335\230"..., 68, 896) = 68 <0.000021>
3338  20:07:50.432280 newfstatat(3, "", {st_mode=S_IFREG|0755, st_size=2220400, ...}, AT_EMPTY_PATH) = 0 <0.000022>
3338  20:07:50.432462 pread64(3, "\6\0\0\0\4\0\0\0@\0\0\0\0\0\0\0@\0\0\0\0\0\0\0@\0\0\0\0\0\0\0"..., 784, 64) = 784 <0.000024>
3338  20:07:50.432671 mmap(NULL, 2264656, PROT_READ, MAP_PRIVATE|MAP_DENYWRITE, 3, 0) = 0x7fa178e00000 <0.000024>
3338  20:07:50.432856 mprotect(0x7fa178e28000, 2023424, PROT_NONE) = 0 <0.000024>
3338  20:07:50.433036 mmap(0x7fa178e28000, 1658880, PROT_READ|PROT_EXEC, MAP_PRIVATE|MAP_FIXED|MAP_DENYWRITE, 3, 0x28000) = 0x7fa178e28000 <0.000030>
3338  20:07:50.433236 mmap(0x7fa178fbd000, 360448, PROT_READ, MAP_PRIVATE|MAP_FIXED|MAP_DENYWRITE, 3, 0x1bd000) = 0x7fa178fbd000 <0.000027>
3338  20:07:50.433426 mmap(0x7fa179016000, 24576, PROT_READ|PROT_WRITE, MAP_PRIVATE|MAP_FIXED|MAP_DENYWRITE, 3, 0x215000) = 0x7fa179016000 <0.000025>
3338  20:07:50.433612 mmap(0x7fa17901c000, 52816, PROT_READ|PROT_WRITE, MAP_PRIVATE|MAP_FIXED|MAP_ANONYMOUS, -1, 0) = 0x7fa17901c000 <0.000025>
3338  20:07:50.433866 close(3)          = 0 <0.000022>
3338  20:07:50.434105 mmap(NULL, 12288, PROT_READ|PROT_WRITE, MAP_PRIVATE|MAP_ANONYMOUS, -1, 0) = 0x7fa17906a000 <0.000024>
3338  20:07:50.434298 arch_prctl(ARCH_SET_FS, 0x7fa17906a740) = 0 <0.000021>
3338  20:07:50.434479 set_tid_address(0x7fa17906aa10) = 3338 <0.000021>
3338  20:07:50.434661 set_robust_list(0x7fa17906aa20, 24) = 0 <0.000021>
3338  20:07:50.434841 rseq(0x7fa17906b0e0, 0x20, 0, 0x53053053) = 0 <0.000021>
3338  20:07:50.435053 mprotect(0x7fa179016000, 16384, PROT_READ) = 0 <0.000046>
3338  20:07:50.435417 mprotect(0x564bc1f19000, 8192, PROT_READ) = 0 <0.000030>
3338  20:07:50.435644 mprotect(0x7fa1790ad000, 8192, PROT_READ) = 0 <0.000027>
3338  20:07:50.435844 prlimit64(0, RLIMIT_STACK, NULL, {rlim_cur=8192*1024, rlim_max=RLIM64_INFINITY}) = 0 <0.000021>
3338  20:07:50.436039 munmap(0x7fa17906d000, 21696) = 0 <0.000031>
3338  20:07:50.436249 getuid()          = 1000 <0.000022>
3338  20:07:50.436429 getgid()          = 1000 <0.000021>
3338  20:07:50.436605 getpid()          = 3338 <0.000023>
3338  20:07:50.436796 rt_sigaction(SIGCHLD, {sa_handler=0x564bc1f0faa0, sa_mask=~[RTMIN RT_1], sa_flags=SA_RESTORER, sa_restorer=0x7fa178e42520}, NULL, 8) = 0 <0.000021>
3338  20:07:50.436985 geteuid()         = 1000 <0.000021>
3338  20:07:50.437177 getrandom("\x9b\xbf\x31\xb9\xf2\xe9\x02\x1c", 8, GRND_NONBLOCK) = 8 <0.000027>
3338  20:07:50.437409 brk(NULL)         = 0x564bcafa2000 <0.000026>
3338  20:07:50.437633 brk(0x564bcafc3000) = 0x564bcafc3000 <0.000027>
3338  20:07:50.437929 getppid()         = 3337 <0.000026>
3338  20:07:50.438151 newfstatat(AT_FDCWD, "/mnt/c/_Projects/CareerPlan/CppFirst", {st_mode=S_IFDIR|0777, st_size=4096, ...}, 0) = 0 <0.000122>
3338  20:07:50.438444 newfstatat(AT_FDCWD, ".", {st_mode=S_IFDIR|0777, st_size=4096, ...}, 0) = 0 <0.000101>
3338  20:07:50.438714 geteuid()         = 1000 <0.000021>
3338  20:07:50.438893 getegid()         = 1000 <0.000021>
3338  20:07:50.439077 rt_sigaction(SIGINT, NULL, {sa_handler=SIG_DFL, sa_mask=[], sa_flags=0}, 8) = 0 <0.000023>
3338  20:07:50.439260 rt_sigaction(SIGINT, {sa_handler=0x564bc1f0faa0, sa_mask=~[RTMIN RT_1], sa_flags=SA_RESTORER, sa_restorer=0x7fa178e42520}, NULL, 8) = 0 <0.000022>
3338  20:07:50.439440 rt_sigaction(SIGQUIT, NULL, {sa_handler=SIG_DFL, sa_mask=[], sa_flags=0}, 8) = 0 <0.000022>
3338  20:07:50.439624 rt_sigaction(SIGQUIT, {sa_handler=SIG_DFL, sa_mask=~[RTMIN RT_1], sa_flags=SA_RESTORER, sa_restorer=0x7fa178e42520}, NULL, 8) = 0 <0.000020>
3338  20:07:50.439809 rt_sigaction(SIGTERM, NULL, {sa_handler=SIG_DFL, sa_mask=[], sa_flags=0}, 8) = 0 <0.000021>
3338  20:07:50.439991 rt_sigaction(SIGTERM, {sa_handler=SIG_DFL, sa_mask=~[RTMIN RT_1], sa_flags=SA_RESTORER, sa_restorer=0x7fa178e42520}, NULL, 8) = 0 <0.000023>
3338  20:07:50.440202 kill(3338, SIGTERM) = 0 <0.000023>
3338  20:07:50.440386 --- SIGTERM {si_signo=SIGTERM, si_code=SI_USER, si_pid=3338, si_uid=1000} ---
3337  20:07:50.440553 <... read resumed>"", 4096) = 0 <0.012977>
3338  20:07:50.440635 +++ killed by SIGTERM +++
3337  20:07:50.440706 --- SIGCHLD {si_signo=SIGCHLD, si_code=CLD_KILLED, si_pid=3338, si_uid=1000, si_status=SIGTERM, si_utime=0, si_stime=0} ---
3337  20:07:50.440799 close(3)          = 0 <0.000028>
3337  20:07:50.440993 wait4(3338, [{WIFSIGNALED(s) && WTERMSIG(s) == SIGTERM}], 0, NULL) = 3338 <0.000030>
3337  20:07:50.441213 newfstatat(1, "", {st_mode=S_IFREG|0777, st_size=0, ...}, AT_EMPTY_PATH) = 0 <0.000103>
3337  20:07:50.441496 write(1, "--- captured output ---\n--- resu"..., 67) = 67 <0.000137>
3337  20:07:50.441828 exit_group(143)   = ?
3337  20:07:50.442922 +++ exited with 143 +++
